20:24:43 **** Build of configuration Debug for project so ****
make -r -j4 all 
Building file: ../src/app.c
Building file: ../src/cr_startup_lpc43xx.c
Building file: ../src/crp.c
Building file: ../src/sysinit.c
Invoking: MCU C Compiler
Invoking: MCU C Compiler
Invoking: MCU C Compiler
Invoking: MCU C Compiler
arm-none-eabi-gcc -DDEBUG -D__CODE_RED -DCORE_M4 -D__USE_LPCOPEN -D__LPC43XX__ -D__REDLIB__ -D__MULTICORE_NONE -I"D:\TFSProjects\MSE\Bimestre 1\Implementacion de sistemas operativos\MSE_4Co2019_ISO_I\TPs\lpc_board_nxp_lpcxpresso_4337\inc" -I"D:\TFSProjects\MSE\Bimestre 1\Implementacion de sistemas operativos\MSE_4Co2019_ISO_I\TPs\lpc_chip_43xx\inc" -I"D:\TFSProjects\MSE\Bimestre 1\Implementacion de sistemas operativos\MSE_4Co2019_ISO_I\TPs\lpc_chip_43xx\inc\usbd" -O0 -fno-common -g3 -Wall -c -fmessage-length=0 -fno-builtin -ffunction-sections -fdata-sections -fsingle-precision-constant -mcpu=cortex-m4 -mfpu=fpv4-sp-d16 -mfloat-abi=softfp -mthumb -specs=redlib.specs -MMD -MP -MF"src/app.d" -MT"src/app.o" -MT"src/app.d" -o "src/app.o" "../src/app.c"
arm-none-eabi-gcc -DDEBUG -D__CODE_RED -DCORE_M4 -D__USE_LPCOPEN -D__LPC43XX__ -D__REDLIB__ -D__MULTICORE_NONE -I"D:\TFSProjects\MSE\Bimestre 1\Implementacion de sistemas operativos\MSE_4Co2019_ISO_I\TPs\lpc_board_nxp_lpcxpresso_4337\inc" -I"D:\TFSProjects\MSE\Bimestre 1\Implementacion de sistemas operativos\MSE_4Co2019_ISO_I\TPs\lpc_chip_43xx\inc" -I"D:\TFSProjects\MSE\Bimestre 1\Implementacion de sistemas operativos\MSE_4Co2019_ISO_I\TPs\lpc_chip_43xx\inc\usbd" -O0 -fno-common -g3 -Wall -c -fmessage-length=0 -fno-builtin -ffunction-sections -fdata-sections -fsingle-precision-constant -mcpu=cortex-m4 -mfpu=fpv4-sp-d16 -mfloat-abi=softfp -mthumb -specs=redlib.specs -MMD -MP -MF"src/crp.d" -MT"src/crp.o" -MT"src/crp.d" -o "src/crp.o" "../src/crp.c"
arm-none-eabi-gcc -DDEBUG -D__CODE_RED -DCORE_M4 -D__USE_LPCOPEN -D__LPC43XX__ -D__REDLIB__ -D__MULTICORE_NONE -I"D:\TFSProjects\MSE\Bimestre 1\Implementacion de sistemas operativos\MSE_4Co2019_ISO_I\TPs\lpc_board_nxp_lpcxpresso_4337\inc" -I"D:\TFSProjects\MSE\Bimestre 1\Implementacion de sistemas operativos\MSE_4Co2019_ISO_I\TPs\lpc_chip_43xx\inc" -I"D:\TFSProjects\MSE\Bimestre 1\Implementacion de sistemas operativos\MSE_4Co2019_ISO_I\TPs\lpc_chip_43xx\inc\usbd" -O0 -fno-common -g3 -Wall -c -fmessage-length=0 -fno-builtin -ffunction-sections -fdata-sections -fsingle-precision-constant -mcpu=cortex-m4 -mfpu=fpv4-sp-d16 -mfloat-abi=softfp -mthumb -specs=redlib.specs -MMD -MP -MF"src/sysinit.d" -MT"src/sysinit.o" -MT"src/sysinit.d" -o "src/sysinit.o" "../src/sysinit.c"
arm-none-eabi-gcc -DDEBUG -D__CODE_RED -DCORE_M4 -D__USE_LPCOPEN -D__LPC43XX__ -D__REDLIB__ -D__MULTICORE_NONE -I"D:\TFSProjects\MSE\Bimestre 1\Implementacion de sistemas operativos\MSE_4Co2019_ISO_I\TPs\lpc_board_nxp_lpcxpresso_4337\inc" -I"D:\TFSProjects\MSE\Bimestre 1\Implementacion de sistemas operativos\MSE_4Co2019_ISO_I\TPs\lpc_chip_43xx\inc" -I"D:\TFSProjects\MSE\Bimestre 1\Implementacion de sistemas operativos\MSE_4Co2019_ISO_I\TPs\lpc_chip_43xx\inc\usbd" -O0 -fno-common -g3 -Wall -c -fmessage-length=0 -fno-builtin -ffunction-sections -fdata-sections -fsingle-precision-constant -mcpu=cortex-m4 -mfpu=fpv4-sp-d16 -mfloat-abi=softfp -mthumb -specs=redlib.specs -MMD -MP -MF"src/cr_startup_lpc43xx.d" -MT"src/cr_startup_lpc43xx.o" -MT"src/cr_startup_lpc43xx.d" -o "src/cr_startup_lpc43xx.o" "../src/cr_startup_lpc43xx.c"
Finished building: ../src/crp.c
Finished building: ../src/cr_startup_lpc43xx.c
 
 
Finished building: ../src/app.c
 
Finished building: ../src/sysinit.c
 
Building target: so.axf
Invoking: MCU Linker
arm-none-eabi-gcc -nostdlib -L"D:\TFSProjects\MSE\Bimestre 1\Implementacion de sistemas operativos\MSE_4Co2019_ISO_I\TPs\lpc_board_nxp_lpcxpresso_4337\Debug" -L"D:\TFSProjects\MSE\Bimestre 1\Implementacion de sistemas operativos\MSE_4Co2019_ISO_I\TPs\lpc_chip_43xx\Debug" -Xlinker -Map="so.map" -Xlinker --gc-sections -Xlinker -print-memory-usage -mcpu=cortex-m4 -mfpu=fpv4-sp-d16 -mfloat-abi=softfp -mthumb -T "so_Debug.ld" -o "so.axf"  ./src/app.o ./src/cr_startup_lpc43xx.o ./src/crp.o ./src/sysinit.o   -llpc_board_nxp_lpcxpresso_4337 -llpc_chip_43xx
Memory region         Used Size  Region Size  %age Used
      MFlashA512:        6556 B       512 KB      1.25%
      MFlashB512:          0 GB       512 KB      0.00%
        RamLoc32:          16 B        32 KB      0.05%
        RamLoc40:          0 GB        40 KB      0.00%
        RamAHB32:          0 GB        32 KB      0.00%
        RamAHB16:          0 GB        16 KB      0.00%
    RamAHB_ETB16:          0 GB        16 KB      0.00%
Finished building target: so.axf
 
make --no-print-directory post-build
Performing post-build steps
arm-none-eabi-size "so.axf"; # arm-none-eabi-objcopy -v -O binary "so.axf" "so.bin" ; # checksum -p LPC4337 -d "so.bin";
   text	   data	    bss	    dec	    hex	filename
   6556	      0	     16	   6572	   19ac	so.axf
 

20:24:46 Build Finished (took 2s.577ms)

