19:20:21 **** Build of configuration Debug for project lpc_board_nxp_lpcxpresso_4337 ****
make -r all 
Building file: ../src/board.c
Invoking: MCU C Compiler
arm-none-eabi-gcc -D__REDLIB__ -DDEBUG -D__CODE_RED -D__USE_LPCOPEN -DCORE_M4 -I"D:\TFSProjects\MSE\Bimestre 1\Implementacion de sistemas operativos\rtirapegui\MSE_4Co2019_ISO_I\lpc_chip_43xx\inc" -I"D:\TFSProjects\MSE\Bimestre 1\Implementacion de sistemas operativos\rtirapegui\MSE_4Co2019_ISO_I\lpc_board_nxp_lpcxpresso_4337\inc" -O0 -g3 -Wall -c -fmessage-length=0 -fno-builtin -ffunction-sections -fdata-sections -fsingle-precision-constant -mcpu=cortex-m4 -mfpu=fpv4-sp-d16 -mfloat-abi=softfp -mthumb -specs=redlib.specs -MMD -MP -MF"src/board.d" -MT"src/board.o" -MT"src/board.d" -o "src/board.o" "../src/board.c"
Finished building: ../src/board.c
 
Building file: ../src/board_sysinit.c
Invoking: MCU C Compiler
arm-none-eabi-gcc -D__REDLIB__ -DDEBUG -D__CODE_RED -D__USE_LPCOPEN -DCORE_M4 -I"D:\TFSProjects\MSE\Bimestre 1\Implementacion de sistemas operativos\rtirapegui\MSE_4Co2019_ISO_I\lpc_chip_43xx\inc" -I"D:\TFSProjects\MSE\Bimestre 1\Implementacion de sistemas operativos\rtirapegui\MSE_4Co2019_ISO_I\lpc_board_nxp_lpcxpresso_4337\inc" -O0 -g3 -Wall -c -fmessage-length=0 -fno-builtin -ffunction-sections -fdata-sections -fsingle-precision-constant -mcpu=cortex-m4 -mfpu=fpv4-sp-d16 -mfloat-abi=softfp -mthumb -specs=redlib.specs -MMD -MP -MF"src/board_sysinit.d" -MT"src/board_sysinit.o" -MT"src/board_sysinit.d" -o "src/board_sysinit.o" "../src/board_sysinit.c"
Finished building: ../src/board_sysinit.c
 
Building file: ../src/lpc_phy_smsc87x0.c
Invoking: MCU C Compiler
arm-none-eabi-gcc -D__REDLIB__ -DDEBUG -D__CODE_RED -D__USE_LPCOPEN -DCORE_M4 -I"D:\TFSProjects\MSE\Bimestre 1\Implementacion de sistemas operativos\rtirapegui\MSE_4Co2019_ISO_I\lpc_chip_43xx\inc" -I"D:\TFSProjects\MSE\Bimestre 1\Implementacion de sistemas operativos\rtirapegui\MSE_4Co2019_ISO_I\lpc_board_nxp_lpcxpresso_4337\inc" -O0 -g3 -Wall -c -fmessage-length=0 -fno-builtin -ffunction-sections -fdata-sections -fsingle-precision-constant -mcpu=cortex-m4 -mfpu=fpv4-sp-d16 -mfloat-abi=softfp -mthumb -specs=redlib.specs -MMD -MP -MF"src/lpc_phy_smsc87x0.d" -MT"src/lpc_phy_smsc87x0.o" -MT"src/lpc_phy_smsc87x0.d" -o "src/lpc_phy_smsc87x0.o" "../src/lpc_phy_smsc87x0.c"
Finished building: ../src/lpc_phy_smsc87x0.c
 
Building target: liblpc_board_nxp_lpcxpresso_4337.a
Invoking: MCU Archiver
arm-none-eabi-ar -r  "liblpc_board_nxp_lpcxpresso_4337.a"  ./src/board.o ./src/board_sysinit.o ./src/lpc_phy_smsc87x0.o   
Finished building target: liblpc_board_nxp_lpcxpresso_4337.a
 
make --no-print-directory post-build
Performing post-build steps
arm-none-eabi-size "liblpc_board_nxp_lpcxpresso_4337.a" ; # arm-none-eabi-objdump -h -S "liblpc_board_nxp_lpcxpresso_4337.a" >"liblpc_board_nxp_lpcxpresso_4337.lss"
   text	   data	    bss	    dec	    hex	filename
   1366	      0	      0	   1366	    556	board.o (ex liblpc_board_nxp_lpcxpresso_4337.a)
    482	      0	      0	    482	    1e2	board_sysinit.o (ex liblpc_board_nxp_lpcxpresso_4337.a)
    872	      0	     18	    890	    37a	lpc_phy_smsc87x0.o (ex liblpc_board_nxp_lpcxpresso_4337.a)
 

19:20:27 Build Finished (took 5s.474ms)

